The eigenvalues of matrix :
[3, 2, 4
 2, 0, 2
 4, 2, 3]
are the following :
-1
8
